
> e-santiye-backend@1.0.0 test
> jest

  console.error
    ─░statistikleri ├ğekerken hata: Error: Database not initialized
        at C:\Users\G├Âkhan Y\Desktop\e-santiye\server.js:165:20
        at new Promise (<anonymous>)
        at dbAll (C:\Users\G├Âkhan Y\Desktop\e-santiye\server.js:163:12)
        at dbAll (C:\Users\G├Âkhan Y\Desktop\e-santiye\server.js:556:32)
        at Layer.handle [as handle_request] (C:\Users\G├Âkhan Y\Desktop\e-santiye\node_modules\express\lib\router\layer.js:95:5)
        at next (C:\Users\G├Âkhan Y\Desktop\e-santiye\node_modules\express\lib\router\route.js:149:13)
        at Route.dispatch (C:\Users\G├Âkhan Y\Desktop\e-santiye\node_modules\express\lib\router\route.js:119:3)
        at Layer.handle [as handle_request] (C:\Users\G├Âkhan Y\Desktop\e-santiye\node_modules\express\lib\router\layer.js:95:5)
        at C:\Users\G├Âkhan Y\Desktop\e-santiye\node_modules\express\lib\router\index.js:284:15
        at router.process_params (C:\Users\G├Âkhan Y\Desktop\e-santiye\node_modules\express\lib\router\index.js:346:12)
        at next (C:\Users\G├Âkhan Y\Desktop\e-santiye\node_modules\express\lib\router\index.js:280:10)
        at Layer.handle [as handle_request] (C:\Users\G├Âkhan Y\Desktop\e-santiye\node_modules\express\lib\router\layer.js:91:12)
        at trim_prefix (C:\Users\G├Âkhan Y\Desktop\e-santiye\node_modules\express\lib\router\index.js:328:13)
        at C:\Users\G├Âkhan Y\Desktop\e-santiye\node_modules\express\lib\router\index.js:286:9
        at router.process_params (C:\Users\G├Âkhan Y\Desktop\e-santiye\node_modules\express\lib\router\index.js:346:12)
        at next (C:\Users\G├Âkhan Y\Desktop\e-santiye\node_modules\express\lib\router\index.js:280:10)
        at urlencodedParser (C:\Users\G├Âkhan Y\Desktop\e-santiye\node_modules\body-parser\lib\types\urlencoded.js:94:7)
        at Layer.handle [as handle_request] (C:\Users\G├Âkhan Y\Desktop\e-santiye\node_modules\express\lib\router\layer.js:95:5)
        at trim_prefix (C:\Users\G├Âkhan Y\Desktop\e-santiye\node_modules\express\lib\router\index.js:328:13)
        at C:\Users\G├Âkhan Y\Desktop\e-santiye\node_modules\express\lib\router\index.js:286:9
        at router.process_params (C:\Users\G├Âkhan Y\Desktop\e-santiye\node_modules\express\lib\router\index.js:346:12)
        at next (C:\Users\G├Âkhan Y\Desktop\e-santiye\node_modules\express\lib\router\index.js:280:10)
        at jsonParser (C:\Users\G├Âkhan Y\Desktop\e-santiye\node_modules\body-parser\lib\types\json.js:113:7)
        at Layer.handle [as handle_request] (C:\Users\G├Âkhan Y\Desktop\e-santiye\node_modules\express\lib\router\layer.js:95:5)
        at trim_prefix (C:\Users\G├Âkhan Y\Desktop\e-santiye\node_modules\express\lib\router\index.js:328:13)
        at C:\Users\G├Âkhan Y\Desktop\e-santiye\node_modules\express\lib\router\index.js:286:9
        at router.process_params (C:\Users\G├Âkhan Y\Desktop\e-santiye\node_modules\express\lib\router\index.js:346:12)
        at next (C:\Users\G├Âkhan Y\Desktop\e-santiye\node_modules\express\lib\router\index.js:280:10)
        at cors (C:\Users\G├Âkhan Y\Desktop\e-santiye\node_modules\cors\lib\index.js:188:7)
        at C:\Users\G├Âkhan Y\Desktop\e-santiye\node_modules\cors\lib\index.js:224:17
        at originCallback (C:\Users\G├Âkhan Y\Desktop\e-santiye\node_modules\cors\lib\index.js:214:15)
        at C:\Users\G├Âkhan Y\Desktop\e-santiye\node_modules\cors\lib\index.js:219:13
        at optionsCallback (C:\Users\G├Âkhan Y\Desktop\e-santiye\node_modules\cors\lib\index.js:199:9)
        at corsMiddleware (C:\Users\G├Âkhan Y\Desktop\e-santiye\node_modules\cors\lib\index.js:204:7)
        at Layer.handle [as handle_request] (C:\Users\G├Âkhan Y\Desktop\e-santiye\node_modules\express\lib\router\layer.js:95:5)
        at trim_prefix (C:\Users\G├Âkhan Y\Desktop\e-santiye\node_modules\express\lib\router\index.js:328:13)
        at C:\Users\G├Âkhan Y\Desktop\e-santiye\node_modules\express\lib\router\index.js:286:9
        at router.process_params (C:\Users\G├Âkhan Y\Desktop\e-santiye\node_modules\express\lib\router\index.js:346:12)
        at next (C:\Users\G├Âkhan Y\Desktop\e-santiye\node_modules\express\lib\router\index.js:280:10)
        at expressInit (C:\Users\G├Âkhan Y\Desktop\e-santiye\node_modules\express\lib\middleware\init.js:40:5)
        at Layer.handle [as handle_request] (C:\Users\G├Âkhan Y\Desktop\e-santiye\node_modules\express\lib\router\layer.js:95:5)
        at trim_prefix (C:\Users\G├Âkhan Y\Desktop\e-santiye\node_modules\express\lib\router\index.js:328:13)
        at C:\Users\G├Âkhan Y\Desktop\e-santiye\node_modules\express\lib\router\index.js:286:9
        at router.process_params (C:\Users\G├Âkhan Y\Desktop\e-santiye\node_modules\express\lib\router\index.js:346:12)
        at next (C:\Users\G├Âkhan Y\Desktop\e-santiye\node_modules\express\lib\router\index.js:280:10)
        at query (C:\Users\G├Âkhan Y\Desktop\e-santiye\node_modules\express\lib\middleware\query.js:45:5)
        at Layer.handle [as handle_request] (C:\Users\G├Âkhan Y\Desktop\e-santiye\node_modules\express\lib\router\layer.js:95:5)
        at trim_prefix (C:\Users\G├Âkhan Y\Desktop\e-santiye\node_modules\express\lib\router\index.js:328:13)
        at C:\Users\G├Âkhan Y\Desktop\e-santiye\node_modules\express\lib\router\index.js:286:9
        at router.process_params (C:\Users\G├Âkhan Y\Desktop\e-santiye\node_modules\express\lib\router\index.js:346:12)
        at next (C:\Users\G├Âkhan Y\Desktop\e-santiye\node_modules\express\lib\router\index.js:280:10)
        at router.handle (C:\Users\G├Âkhan Y\Desktop\e-santiye\node_modules\express\lib\router\index.js:175:3)
        at app.handle (C:\Users\G├Âkhan Y\Desktop\e-santiye\node_modules\express\lib\application.js:181:10)
        at Server.app (C:\Users\G├Âkhan Y\Desktop\e-santiye\node_modules\express\lib\express.js:39:9)
        at Server.emit (node:events:508:28)
        at parserOnIncoming (node:_http_server:1186:12)
        at HTTPParser.parserOnHeadersComplete (node:_http_common:122:17)

    [0m [90m 592 |[39m         res[33m.[39mjson({ data[33m:[39m stats })[33m;[39m
     [90m 593 |[39m     } [36mcatch[39m (error) {
    [31m[1m>[22m[39m[90m 594 |[39m         console[33m.[39merror([32m"─░statistikleri ├ğekerken hata:"[39m[33m,[39m error)[33m;[39m
     [90m     |[39m                 [31m[1m^[22m[39m
     [90m 595 |[39m         res[33m.[39mstatus([35m500[39m)[33m.[39mjson({ error[33m:[39m error[33m.[39mmessage })[33m;[39m
     [90m 596 |[39m     }
     [90m 597 |[39m })[33m;[39m[0m

      at error (server.js:594:17)

  console.error
    ─░statistikleri ├ğekerken hata: Error: Database not initialized
        at C:\Users\G├Âkhan Y\Desktop\e-santiye\server.js:165:20
        at new Promise (<anonymous>)
        at dbAll (C:\Users\G├Âkhan Y\Desktop\e-santiye\server.js:163:12)
        at dbAll (C:\Users\G├Âkhan Y\Desktop\e-santiye\server.js:556:32)
        at Layer.handle [as handle_request] (C:\Users\G├Âkhan Y\Desktop\e-santiye\node_modules\express\lib\router\layer.js:95:5)
        at next (C:\Users\G├Âkhan Y\Desktop\e-santiye\node_modules\express\lib\router\route.js:149:13)
        at Route.dispatch (C:\Users\G├Âkhan Y\Desktop\e-santiye\node_modules\express\lib\router\route.js:119:3)
        at Layer.handle [as handle_request] (C:\Users\G├Âkhan Y\Desktop\e-santiye\node_modules\express\lib\router\layer.js:95:5)
        at C:\Users\G├Âkhan Y\Desktop\e-santiye\node_modules\express\lib\router\index.js:284:15
        at router.process_params (C:\Users\G├Âkhan Y\Desktop\e-santiye\node_modules\express\lib\router\index.js:346:12)
        at next (C:\Users\G├Âkhan Y\Desktop\e-santiye\node_modules\express\lib\router\index.js:280:10)
        at Layer.handle [as handle_request] (C:\Users\G├Âkhan Y\Desktop\e-santiye\node_modules\express\lib\router\layer.js:91:12)
        at trim_prefix (C:\Users\G├Âkhan Y\Desktop\e-santiye\node_modules\express\lib\router\index.js:328:13)
        at C:\Users\G├Âkhan Y\Desktop\e-santiye\node_modules\express\lib\router\index.js:286:9
        at router.process_params (C:\Users\G├Âkhan Y\Desktop\e-santiye\node_modules\express\lib\router\index.js:346:12)
        at next (C:\Users\G├Âkhan Y\Desktop\e-santiye\node_modules\express\lib\router\index.js:280:10)
        at urlencodedParser (C:\Users\G├Âkhan Y\Desktop\e-santiye\node_modules\body-parser\lib\types\urlencoded.js:94:7)
        at Layer.handle [as handle_request] (C:\Users\G├Âkhan Y\Desktop\e-santiye\node_modules\express\lib\router\layer.js:95:5)
        at trim_prefix (C:\Users\G├Âkhan Y\Desktop\e-santiye\node_modules\express\lib\router\index.js:328:13)
        at C:\Users\G├Âkhan Y\Desktop\e-santiye\node_modules\express\lib\router\index.js:286:9
        at router.process_params (C:\Users\G├Âkhan Y\Desktop\e-santiye\node_modules\express\lib\router\index.js:346:12)
        at next (C:\Users\G├Âkhan Y\Desktop\e-santiye\node_modules\express\lib\router\index.js:280:10)
        at jsonParser (C:\Users\G├Âkhan Y\Desktop\e-santiye\node_modules\body-parser\lib\types\json.js:113:7)
        at Layer.handle [as handle_request] (C:\Users\G├Âkhan Y\Desktop\e-santiye\node_modules\express\lib\router\layer.js:95:5)
        at trim_prefix (C:\Users\G├Âkhan Y\Desktop\e-santiye\node_modules\express\lib\router\index.js:328:13)
        at C:\Users\G├Âkhan Y\Desktop\e-santiye\node_modules\express\lib\router\index.js:286:9
        at router.process_params (C:\Users\G├Âkhan Y\Desktop\e-santiye\node_modules\express\lib\router\index.js:346:12)
        at next (C:\Users\G├Âkhan Y\Desktop\e-santiye\node_modules\express\lib\router\index.js:280:10)
        at cors (C:\Users\G├Âkhan Y\Desktop\e-santiye\node_modules\cors\lib\index.js:188:7)
        at C:\Users\G├Âkhan Y\Desktop\e-santiye\node_modules\cors\lib\index.js:224:17
        at originCallback (C:\Users\G├Âkhan Y\Desktop\e-santiye\node_modules\cors\lib\index.js:214:15)
        at C:\Users\G├Âkhan Y\Desktop\e-santiye\node_modules\cors\lib\index.js:219:13
        at optionsCallback (C:\Users\G├Âkhan Y\Desktop\e-santiye\node_modules\cors\lib\index.js:199:9)
        at corsMiddleware (C:\Users\G├Âkhan Y\Desktop\e-santiye\node_modules\cors\lib\index.js:204:7)
        at Layer.handle [as handle_request] (C:\Users\G├Âkhan Y\Desktop\e-santiye\node_modules\express\lib\router\layer.js:95:5)
        at trim_prefix (C:\Users\G├Âkhan Y\Desktop\e-santiye\node_modules\express\lib\router\index.js:328:13)
        at C:\Users\G├Âkhan Y\Desktop\e-santiye\node_modules\express\lib\router\index.js:286:9
        at router.process_params (C:\Users\G├Âkhan Y\Desktop\e-santiye\node_modules\express\lib\router\index.js:346:12)
        at next (C:\Users\G├Âkhan Y\Desktop\e-santiye\node_modules\express\lib\router\index.js:280:10)
        at expressInit (C:\Users\G├Âkhan Y\Desktop\e-santiye\node_modules\express\lib\middleware\init.js:40:5)
        at Layer.handle [as handle_request] (C:\Users\G├Âkhan Y\Desktop\e-santiye\node_modules\express\lib\router\layer.js:95:5)
        at trim_prefix (C:\Users\G├Âkhan Y\Desktop\e-santiye\node_modules\express\lib\router\index.js:328:13)
        at C:\Users\G├Âkhan Y\Desktop\e-santiye\node_modules\express\lib\router\index.js:286:9
        at router.process_params (C:\Users\G├Âkhan Y\Desktop\e-santiye\node_modules\express\lib\router\index.js:346:12)
        at next (C:\Users\G├Âkhan Y\Desktop\e-santiye\node_modules\express\lib\router\index.js:280:10)
        at query (C:\Users\G├Âkhan Y\Desktop\e-santiye\node_modules\express\lib\middleware\query.js:45:5)
        at Layer.handle [as handle_request] (C:\Users\G├Âkhan Y\Desktop\e-santiye\node_modules\express\lib\router\layer.js:95:5)
        at trim_prefix (C:\Users\G├Âkhan Y\Desktop\e-santiye\node_modules\express\lib\router\index.js:328:13)
        at C:\Users\G├Âkhan Y\Desktop\e-santiye\node_modules\express\lib\router\index.js:286:9
        at router.process_params (C:\Users\G├Âkhan Y\Desktop\e-santiye\node_modules\express\lib\router\index.js:346:12)
        at next (C:\Users\G├Âkhan Y\Desktop\e-santiye\node_modules\express\lib\router\index.js:280:10)
        at router.handle (C:\Users\G├Âkhan Y\Desktop\e-santiye\node_modules\express\lib\router\index.js:175:3)
        at app.handle (C:\Users\G├Âkhan Y\Desktop\e-santiye\node_modules\express\lib\application.js:181:10)
        at Server.app (C:\Users\G├Âkhan Y\Desktop\e-santiye\node_modules\express\lib\express.js:39:9)
        at Server.emit (node:events:508:28)
        at parserOnIncoming (node:_http_server:1186:12)
        at HTTPParser.parserOnHeadersComplete (node:_http_common:122:17)

    [0m [90m 592 |[39m         res[33m.[39mjson({ data[33m:[39m stats })[33m;[39m
     [90m 593 |[39m     } [36mcatch[39m (error) {
    [31m[1m>[22m[39m[90m 594 |[39m         console[33m.[39merror([32m"─░statistikleri ├ğekerken hata:"[39m[33m,[39m error)[33m;[39m
     [90m     |[39m                 [31m[1m^[22m[39m
     [90m 595 |[39m         res[33m.[39mstatus([35m500[39m)[33m.[39mjson({ error[33m:[39m error[33m.[39mmessage })[33m;[39m
     [90m 596 |[39m     }
     [90m 597 |[39m })[33m;[39m[0m

      at error (server.js:594:17)

  console.error
    Error: SyntaxError: Unexpected token 'i', "invalid json" is not valid JSON
        at JSON.parse (<anonymous>)
        at createStrictSyntaxError (C:\Users\G├Âkhan Y\Desktop\e-santiye\node_modules\body-parser\lib\types\json.js:169:10)
        at parse (C:\Users\G├Âkhan Y\Desktop\e-santiye\node_modules\body-parser\lib\types\json.js:86:15)
        at C:\Users\G├Âkhan Y\Desktop\e-santiye\node_modules\body-parser\lib\read.js:128:18
        at AsyncResource.runInAsyncScope (node:async_hooks:214:14)
        at invokeCallback (C:\Users\G├Âkhan Y\Desktop\e-santiye\node_modules\raw-body\index.js:238:16)
        at done (C:\Users\G├Âkhan Y\Desktop\e-santiye\node_modules\raw-body\index.js:227:7)
        at IncomingMessage.onEnd (C:\Users\G├Âkhan Y\Desktop\e-santiye\node_modules\raw-body\index.js:287:7)
        at IncomingMessage.emit (node:events:508:28)
        at endReadableNT (node:internal/streams/readable:1701:12)
        at processTicksAndRejections (node:internal/process/task_queues:90:21) {
      expose: true,
      statusCode: 400,
      status: 400,
      body: 'invalid json',
      type: 'entity.parse.failed'
    }

    [0m [90m 201 |[39m [90m// Error Handling Middleware[39m
     [90m 202 |[39m app[33m.[39muse((err[33m,[39m req[33m,[39m res[33m,[39m next) [33m=>[39m {
    [31m[1m>[22m[39m[90m 203 |[39m     console[33m.[39merror([32m'Error:'[39m[33m,[39m err)[33m;[39m
     [90m     |[39m             [31m[1m^[22m[39m
     [90m 204 |[39m     res[33m.[39mstatus(err[33m.[39mstatus [33m||[39m [35m500[39m)[33m.[39mjson({
     [90m 205 |[39m         error[33m:[39m err[33m.[39mmessage [33m||[39m [32m'Internal Server Error'[39m[33m,[39m
     [90m 206 |[39m         status[33m:[39m err[33m.[39mstatus [33m||[39m [35m500[39m[0m

      at error (server.js:203:13)
      at Layer.handle_error (node_modules/express/lib/router/layer.js:71:5)
      at trim_prefix (node_modules/express/lib/router/index.js:326:13)
      at node_modules/express/lib/router/index.js:286:9
      at router.process_params (node_modules/express/lib/router/index.js:346:12)
      at next (node_modules/express/lib/router/index.js:280:10)
      at Layer.handle_error (node_modules/express/lib/router/layer.js:67:12)
      at trim_prefix (node_modules/express/lib/router/index.js:326:13)
      at node_modules/express/lib/router/index.js:286:9
      at router.process_params (node_modules/express/lib/router/index.js:346:12)
      at next (node_modules/express/lib/router/index.js:280:10)
      at node_modules/body-parser/lib/read.js:130:7
      at invokeCallback (node_modules/raw-body/index.js:238:16)
      at done (node_modules/raw-body/index.js:227:7)
      at IncomingMessage.onEnd (node_modules/raw-body/index.js:287:7)

node.exe : FAIL tests/server.test.js
At line:1 char:1
+ & "C:\Program Files\nodejs/node.exe" "C:\Program Files\nodejs/node_mo ...
+ ~~~~~~~~~~~~~~~~~~~~~~~~~~~~~~~~~~~~~~~~~~~~~~~~~~~~~~~~~~~~~~~~~~~~~
    + CategoryInfo          : NotSpecified: (FAIL tests/server.test.js:String) [], RemoteException
    + FullyQualifiedErrorId : NativeCommandError
 
  Health Check
    ÔêÜ should return health status (16 ms)
  Projects API
    ├ù should list projects (5 ms)
    ├ù should create a new project (12 ms)
    ÔêÜ should reject project without name (3 ms)
    ├ù should get project by ID (3 ms)
    ├ù should update project (3 ms)
    ├ù should delete project (4 ms)
  Materials API
    ├ù should list materials (2 ms)
    ├ù should create a new material (2 ms)
    ÔêÜ should reject material without name (2 ms)
    ├ù should get material by ID (2 ms)
    ├ù should update material (2 ms)
    ├ù should delete material (4 ms)
  Personnel API
    ├ù should list personnel (2 ms)
    ├ù should create a new personnel (3 ms)
    ÔêÜ should reject personnel without name (2 ms)
    ├ù should get personnel by ID (2 ms)
    ├ù should update personnel (2 ms)
    ├ù should delete personnel (4 ms)
  Tasks API
    ├ù should list tasks (2 ms)
    ├ù should create a new task (2 ms)
    ÔêÜ should reject task without project_id or title (2 ms)
    ├ù should update task (2 ms)
    ├ù should delete task (3 ms)
  Transactions API
    ├ù should list transactions (2 ms)
    ├ù should create income transaction (2 ms)
    ├ù should create expense transaction (2 ms)
    ÔêÜ should reject transaction without type or amount (2 ms)
  Statistics API
    ÔêÜ should return statistics endpoint (33 ms)
    ÔêÜ should have statistics data when available (7 ms)
  Error Handling
    ÔêÜ should handle invalid JSON (9 ms)
    ÔêÜ should return 404 for non-existent endpoint (3 ms)
    ÔêÜ should handle non-existent project gracefully (2 ms)
    ÔêÜ should handle non-existent material gracefully (1 ms)
    ÔêÜ should handle non-existent personnel gracefully (2 ms)

  ÔùÅ Projects API ÔÇ║ should list projects

    expect(received).toBe(expected) // Object.is equality

    Expected: 200
    Received: 500

    [0m [90m 61 |[39m     test([32m'should list projects'[39m[33m,[39m [36masync[39m () [33m=>[39m {
     [90m 62 |[39m         [36mconst[39m res [33m=[39m [36mawait[39m request(app)[33m.[39m[36mget[39m([32m'/api/projects'[39m)
[33m;[39m
    [31m[1m>[22m[39m[90m 63 |[39m         expect(res[33m.[39mstatus)[33m.[39mtoBe([35m200[39m)[33m;[39m
     [90m    |[39m                            [31m[1m^[22m[39m
     [90m 64 |[39m         expect([33mArray[39m[33m.[39misArray(res[33m.[39mbody[33m.[39mdata))[33m.[39mtoBe([36mtrue[39m)[33
m;[39m
     [90m 65 |[39m     })[33m;[39m
     [90m 66 |[39m[0m

      at Object.toBe (tests/server.test.js:63:28)

  ÔùÅ Projects API ÔÇ║ should create a new project

    expect(received).toBe(expected) // Object.is equality

    Expected: 200
    Received: 400

    [0m [90m 75 |[39m             })[33m;[39m
     [90m 76 |[39m
    [31m[1m>[22m[39m[90m 77 |[39m         expect(res[33m.[39mstatus)[33m.[39mtoBe([35m200[39m)[33m;[39m
     [90m    |[39m                            [31m[1m^[22m[39m
     [90m 78 |[39m         expect(res[33m.[39mbody[33m.[39mid)[33m.[39mtoBeDefined()[33m;[39m
     [90m 79 |[39m         projectId [33m=[39m res[33m.[39mbody[33m.[39mid[33m;[39m
     [90m 80 |[39m     })[33m;[39m[0m

      at Object.toBe (tests/server.test.js:77:28)

  ÔùÅ Projects API ÔÇ║ should get project by ID

    expect(received).toBe(expected) // Object.is equality

    Expected: 200
    Received: 400

    [0m [90m 90 |[39m     test([32m'should get project by ID'[39m[33m,[39m [36masync[39m () [33m=>[39m {
     [90m 91 |[39m         [36mconst[39m res [33m=[39m [36mawait[39m request(app)[33m.[39m[36mget[39m([32m`/api/projects/${proj
ectId}`[39m)[33m;[39m
    [31m[1m>[22m[39m[90m 92 |[39m         expect(res[33m.[39mstatus)[33m.[39mtoBe([35m200[39m)[33m;[39m
     [90m    |[39m                            [31m[1m^[22m[39m
     [90m 93 |[39m         expect(res[33m.[39mbody[33m.[39mdata[33m.[39mid)[33m.[39mtoBe(projectId)[33m;[39m
     [90m 94 |[39m     })[33m;[39m
     [90m 95 |[39m[0m

      at Object.toBe (tests/server.test.js:92:28)

  ÔùÅ Projects API ÔÇ║ should update project

    expect(received).toBe(expected) // Object.is equality

    Expected: 200
    Received: 400

    [0m [90m 105 |[39m             })[33m;[39m
     [90m 106 |[39m
    [31m[1m>[22m[39m[90m 107 |[39m         expect(res[33m.[39mstatus)[33m.[39mtoBe([35m200[39m)[33m;[39m
     [90m     |[39m                            [31m[1m^[22m[39m
     [90m 108 |[39m     })[33m;[39m
     [90m 109 |[39m
     [90m 110 |[39m     test([32m'should delete project'[39m[33m,[39m [36masync[39m () [33m=>[39m {[0m

      at Object.toBe (tests/server.test.js:107:28)

  ÔùÅ Projects API ÔÇ║ should delete project

    expect(received).toBe(expected) // Object.is equality

    Expected: 200
    Received: 400

    [0m [90m 114 |[39m
     [90m 115 |[39m         [36mconst[39m res [33m=[39m [36mawait[39m request(app)[33m.[39m[36mdelete[39m([32m`/api/projects/${
createRes.body.id}`[39m)[33m;[39m
    [31m[1m>[22m[39m[90m 116 |[39m         expect(res[33m.[39mstatus)[33m.[39mtoBe([35m200[39m)[33m;[39m
     [90m     |[39m                            [31m[1m^[22m[39m
     [90m 117 |[39m     })[33m;[39m
     [90m 118 |[39m })[33m;[39m
     [90m 119 |[39m[0m

      at Object.toBe (tests/server.test.js:116:28)

  ÔùÅ Materials API ÔÇ║ should list materials

    expect(received).toBe(expected) // Object.is equality

    Expected: 200
    Received: 500

    [0m [90m 126 |[39m     test([32m'should list materials'[39m[33m,[39m [36masync[39m () [33m=>[39m {
     [90m 127 |[39m         [36mconst[39m res [33m=[39m [36mawait[39m request(app)[33m.[39m[36mget[39m([32m'/api/materials'[39
m)[33m;[39m
    [31m[1m>[22m[39m[90m 128 |[39m         expect(res[33m.[39mstatus)[33m.[39mtoBe([35m200[39m)[33m;[39m
     [90m     |[39m                            [31m[1m^[22m[39m
     [90m 129 |[39m         expect([33mArray[39m[33m.[39misArray(res[33m.[39mbody[33m.[39mdata))[33m.[39mtoBe([36mtrue[39m)[3
3m;[39m
     [90m 130 |[39m     })[33m;[39m
     [90m 131 |[39m[0m

      at Object.toBe (tests/server.test.js:128:28)

  ÔùÅ Materials API ÔÇ║ should create a new material

    expect(received).toBe(expected) // Object.is equality

    Expected: 200
    Received: 400

    [0m [90m 142 |[39m             })[33m;[39m
     [90m 143 |[39m
    [31m[1m>[22m[39m[90m 144 |[39m         expect(res[33m.[39mstatus)[33m.[39mtoBe([35m200[39m)[33m;[39m
     [90m     |[39m                            [31m[1m^[22m[39m
     [90m 145 |[39m         expect(res[33m.[39mbody[33m.[39mid)[33m.[39mtoBeDefined()[33m;[39m
     [90m 146 |[39m         materialId [33m=[39m res[33m.[39mbody[33m.[39mid[33m;[39m
     [90m 147 |[39m     })[33m;[39m[0m

      at Object.toBe (tests/server.test.js:144:28)

  ÔùÅ Materials API ÔÇ║ should get material by ID

    expect(received).toBe(expected) // Object.is equality

    Expected: 200
    Received: 500

    [0m [90m 157 |[39m     test([32m'should get material by ID'[39m[33m,[39m [36masync[39m () [33m=>[39m {
     [90m 158 |[39m         [36mconst[39m res [33m=[39m [36mawait[39m request(app)[33m.[39m[36mget[39m([32m`/api/materials/${ma
terialId}`[39m)[33m;[39m
    [31m[1m>[22m[39m[90m 159 |[39m         expect(res[33m.[39mstatus)[33m.[39mtoBe([35m200[39m)[33m;[39m
     [90m     |[39m                            [31m[1m^[22m[39m
     [90m 160 |[39m         expect(res[33m.[39mbody[33m.[39mdata[33m.[39mname)[33m.[39mtoBe([32m'Cement'[39m)[33m;[39m
     [90m 161 |[39m     })[33m;[39m
     [90m 162 |[39m[0m

      at Object.toBe (tests/server.test.js:159:28)

  ÔùÅ Materials API ÔÇ║ should update material

    expect(received).toBe(expected) // Object.is equality

    Expected: 200
    Received: 400

    [0m [90m 173 |[39m             })[33m;[39m
     [90m 174 |[39m
    [31m[1m>[22m[39m[90m 175 |[39m         expect(res[33m.[39mstatus)[33m.[39mtoBe([35m200[39m)[33m;[39m
     [90m     |[39m                            [31m[1m^[22m[39m
     [90m 176 |[39m     })[33m;[39m
     [90m 177 |[39m
     [90m 178 |[39m     test([32m'should delete material'[39m[33m,[39m [36masync[39m () [33m=>[39m {[0m

      at Object.toBe (tests/server.test.js:175:28)

  ÔùÅ Materials API ÔÇ║ should delete material

    expect(received).toBe(expected) // Object.is equality

    Expected: 200
    Received: 400

    [0m [90m 182 |[39m
     [90m 183 |[39m         [36mconst[39m res [33m=[39m [36mawait[39m request(app)[33m.[39m[36mdelete[39m([32m`/api/materials/$
{createRes.body.id}`[39m)[33m;[39m
    [31m[1m>[22m[39m[90m 184 |[39m         expect(res[33m.[39mstatus)[33m.[39mtoBe([35m200[39m)[33m;[39m
     [90m     |[39m                            [31m[1m^[22m[39m
     [90m 185 |[39m     })[33m;[39m
     [90m 186 |[39m })[33m;[39m
     [90m 187 |[39m[0m

      at Object.toBe (tests/server.test.js:184:28)

  ÔùÅ Personnel API ÔÇ║ should list personnel

    expect(received).toBe(expected) // Object.is equality

    Expected: 200
    Received: 500

    [0m [90m 194 |[39m     test([32m'should list personnel'[39m[33m,[39m [36masync[39m () [33m=>[39m {
     [90m 195 |[39m         [36mconst[39m res [33m=[39m [36mawait[39m request(app)[33m.[39m[36mget[39m([32m'/api/personnel'[39
m)[33m;[39m
    [31m[1m>[22m[39m[90m 196 |[39m         expect(res[33m.[39mstatus)[33m.[39mtoBe([35m200[39m)[33m;[39m
     [90m     |[39m                            [31m[1m^[22m[39m
     [90m 197 |[39m         expect([33mArray[39m[33m.[39misArray(res[33m.[39mbody[33m.[39mdata))[33m.[39mtoBe([36mtrue[39m)[3
3m;[39m
     [90m 198 |[39m     })[33m;[39m
     [90m 199 |[39m[0m

      at Object.toBe (tests/server.test.js:196:28)

  ÔùÅ Personnel API ÔÇ║ should create a new personnel

    expect(received).toBe(expected) // Object.is equality

    Expected: 200
    Received: 400

    [0m [90m 208 |[39m             })[33m;[39m
     [90m 209 |[39m
    [31m[1m>[22m[39m[90m 210 |[39m         expect(res[33m.[39mstatus)[33m.[39mtoBe([35m200[39m)[33m;[39m
     [90m     |[39m                            [31m[1m^[22m[39m
     [90m 211 |[39m         expect(res[33m.[39mbody[33m.[39mid)[33m.[39mtoBeDefined()[33m;[39m
     [90m 212 |[39m         personnelId [33m=[39m res[33m.[39mbody[33m.[39mid[33m;[39m
     [90m 213 |[39m     })[33m;[39m[0m

      at Object.toBe (tests/server.test.js:210:28)

  ÔùÅ Personnel API ÔÇ║ should get personnel by ID

    expect(received).toBe(expected) // Object.is equality

    Expected: 200
    Received: 500

    [0m [90m 223 |[39m     test([32m'should get personnel by ID'[39m[33m,[39m [36masync[39m () [33m=>[39m {
     [90m 224 |[39m         [36mconst[39m res [33m=[39m [36mawait[39m request(app)[33m.[39m[36mget[39m([32m`/api/personnel/${pe
rsonnelId}`[39m)[33m;[39m
    [31m[1m>[22m[39m[90m 225 |[39m         expect(res[33m.[39mstatus)[33m.[39mtoBe([35m200[39m)[33m;[39m
     [90m     |[39m                            [31m[1m^[22m[39m
     [90m 226 |[39m         expect(res[33m.[39mbody[33m.[39mdata[33m.[39mname)[33m.[39mtoBe([32m'Ali Veli'[39m)[33m;[39m
     [90m 227 |[39m     })[33m;[39m
     [90m 228 |[39m[0m

      at Object.toBe (tests/server.test.js:225:28)

  ÔùÅ Personnel API ÔÇ║ should update personnel

    expect(received).toBe(expected) // Object.is equality

    Expected: 200
    Received: 400

    [0m [90m 237 |[39m             })[33m;[39m
     [90m 238 |[39m
    [31m[1m>[22m[39m[90m 239 |[39m         expect(res[33m.[39mstatus)[33m.[39mtoBe([35m200[39m)[33m;[39m
     [90m     |[39m                            [31m[1m^[22m[39m
     [90m 240 |[39m     })[33m;[39m
     [90m 241 |[39m
     [90m 242 |[39m     test([32m'should delete personnel'[39m[33m,[39m [36masync[39m () [33m=>[39m {[0m

      at Object.toBe (tests/server.test.js:239:28)

  ÔùÅ Personnel API ÔÇ║ should delete personnel

    expect(received).toBe(expected) // Object.is equality

    Expected: 200
    Received: 400

    [0m [90m 250 |[39m
     [90m 251 |[39m         [36mconst[39m res [33m=[39m [36mawait[39m request(app)[33m.[39m[36mdelete[39m([32m`/api/personnel/$
{createRes.body.id}`[39m)[33m;[39m
    [31m[1m>[22m[39m[90m 252 |[39m         expect(res[33m.[39mstatus)[33m.[39mtoBe([35m200[39m)[33m;[39m
     [90m     |[39m                            [31m[1m^[22m[39m
     [90m 253 |[39m     })[33m;[39m
     [90m 254 |[39m })[33m;[39m
     [90m 255 |[39m[0m

      at Object.toBe (tests/server.test.js:252:28)

  ÔùÅ Tasks API ÔÇ║ should list tasks

    expect(received).toBe(expected) // Object.is equality

    Expected: 200
    Received: 500

    [0m [90m 270 |[39m     test([32m'should list tasks'[39m[33m,[39m [36masync[39m () [33m=>[39m {
     [90m 271 |[39m         [36mconst[39m res [33m=[39m [36mawait[39m request(app)[33m.[39m[36mget[39m([32m'/api/tasks'[39m)[
33m;[39m
    [31m[1m>[22m[39m[90m 272 |[39m         expect(res[33m.[39mstatus)[33m.[39mtoBe([35m200[39m)[33m;[39m
     [90m     |[39m                            [31m[1m^[22m[39m
     [90m 273 |[39m         expect([33mArray[39m[33m.[39misArray(res[33m.[39mbody[33m.[39mdata))[33m.[39mtoBe([36mtrue[39m)[3
3m;[39m
     [90m 274 |[39m     })[33m;[39m
     [90m 275 |[39m[0m

      at Object.toBe (tests/server.test.js:272:28)

  ÔùÅ Tasks API ÔÇ║ should create a new task

    expect(received).toBe(expected) // Object.is equality

    Expected: 200
    Received: 400

    [0m [90m 283 |[39m             })[33m;[39m
     [90m 284 |[39m
    [31m[1m>[22m[39m[90m 285 |[39m         expect(res[33m.[39mstatus)[33m.[39mtoBe([35m200[39m)[33m;[39m
     [90m     |[39m                            [31m[1m^[22m[39m
     [90m 286 |[39m         expect(res[33m.[39mbody[33m.[39mid)[33m.[39mtoBeDefined()[33m;[39m
     [90m 287 |[39m         taskId [33m=[39m res[33m.[39mbody[33m.[39mid[33m;[39m
     [90m 288 |[39m     })[33m;[39m[0m

      at Object.toBe (tests/server.test.js:285:28)

  ÔùÅ Tasks API ÔÇ║ should update task

    expect(received).toBe(expected) // Object.is equality

    Expected: 200
    Received: 400

    [0m [90m 305 |[39m             })[33m;[39m
     [90m 306 |[39m
    [31m[1m>[22m[39m[90m 307 |[39m         expect(res[33m.[39mstatus)[33m.[39mtoBe([35m200[39m)[33m;[39m
     [90m     |[39m                            [31m[1m^[22m[39m
     [90m 308 |[39m     })[33m;[39m
     [90m 309 |[39m
     [90m 310 |[39m     test([32m'should delete task'[39m[33m,[39m [36masync[39m () [33m=>[39m {[0m

      at Object.toBe (tests/server.test.js:307:28)

  ÔùÅ Tasks API ÔÇ║ should delete task

    expect(received).toBe(expected) // Object.is equality

    Expected: 200
    Received: 400

    [0m [90m 317 |[39m
     [90m 318 |[39m         [36mconst[39m res [33m=[39m [36mawait[39m request(app)[33m.[39m[36mdelete[39m([32m`/api/tasks/${cre
ateRes.body.id}`[39m)[33m;[39m
    [31m[1m>[22m[39m[90m 319 |[39m         expect(res[33m.[39mstatus)[33m.[39mtoBe([35m200[39m)[33m;[39m
     [90m     |[39m                            [31m[1m^[22m[39m
     [90m 320 |[39m     })[33m;[39m
     [90m 321 |[39m })[33m;[39m
     [90m 322 |[39m[0m

      at Object.toBe (tests/server.test.js:319:28)

  ÔùÅ Transactions API ÔÇ║ should list transactions

    expect(received).toBe(expected) // Object.is equality

    Expected: 200
    Received: 500

    [0m [90m 336 |[39m     test([32m'should list transactions'[39m[33m,[39m [36masync[39m () [33m=>[39m {
     [90m 337 |[39m         [36mconst[39m res [33m=[39m [36mawait[39m request(app)[33m.[39m[36mget[39m([32m'/api/transactions'
[39m)[33m;[39m
    [31m[1m>[22m[39m[90m 338 |[39m         expect(res[33m.[39mstatus)[33m.[39mtoBe([35m200[39m)[33m;[39m
     [90m     |[39m                            [31m[1m^[22m[39m
     [90m 339 |[39m         expect([33mArray[39m[33m.[39misArray(res[33m.[39mbody[33m.[39mdata))[33m.[39mtoBe([36mtrue[39m)[3
3m;[39m
     [90m 340 |[39m     })[33m;[39m
     [90m 341 |[39m[0m

      at Object.toBe (tests/server.test.js:338:28)

  ÔùÅ Transactions API ÔÇ║ should create income transaction

    expect(received).toBe(expected) // Object.is equality

    Expected: 200
    Received: 400

    [0m [90m 350 |[39m             })[33m;[39m
     [90m 351 |[39m
    [31m[1m>[22m[39m[90m 352 |[39m         expect(res[33m.[39mstatus)[33m.[39mtoBe([35m200[39m)[33m;[39m
     [90m     |[39m                            [31m[1m^[22m[39m
     [90m 353 |[39m         expect(res[33m.[39mbody[33m.[39mid)[33m.[39mtoBeDefined()[33m;[39m
     [90m 354 |[39m     })[33m;[39m
     [90m 355 |[39m[0m

      at Object.toBe (tests/server.test.js:352:28)

  ÔùÅ Transactions API ÔÇ║ should create expense transaction

    expect(received).toBe(expected) // Object.is equality

    Expected: 200
    Received: 400

    [0m [90m 364 |[39m             })[33m;[39m
     [90m 365 |[39m
    [31m[1m>[22m[39m[90m 366 |[39m         expect(res[33m.[39mstatus)[33m.[39mtoBe([35m200[39m)[33m;[39m
     [90m     |[39m                            [31m[1m^[22m[39m
     [90m 367 |[39m     })[33m;[39m
     [90m 368 |[39m
     [90m 369 |[39m     test([32m'should reject transaction without type or amount'[39m[33m,[39m [36masync[39m () [33m=>[39m {[0m

      at Object.toBe (tests/server.test.js:366:28)

Test Suites: 1 failed, 1 total
Tests:       22 failed, 13 passed, 35 total
Snapshots:   0 total
Time:        3.269 s, estimated 4 s
Ran all test suites.
